
> mahjong-study@1.0.0 build
> tsc --noEmit -p . && vite build

vite v6.4.3 building for production...
transforming...
✓ 143 modules transformed.
rendering chunks...
computing gzip size...
dist/index.html                                                    1.83 kB │ gzip:   0.94 kB
dist/assets/ibm-plex-sans-jp-4-400-normal-mGIBpTDA.woff            4.10 kB
dist/assets/ibm-plex-sans-jp-4-600-normal-ItZEXAoj.woff            4.10 kB
dist/assets/zen-maru-gothic-56-400-normal-BtMFo11J.woff2           4.34 kB
dist/assets/zen-maru-gothic-56-700-normal-CQtKAEcE.woff2           4.41 kB
dist/assets/ibm-plex-sans-jp-cyrillic-600-normal-DCQl7zAm.woff2    4.92 kB
dist/assets/ibm-plex-sans-jp-cyrillic-400-normal-B9g1Ctqd.woff2    4.94 kB
dist/assets/zen-maru-gothic-56-400-normal-9xJ8US0w.woff            5.00 kB
dist/assets/zen-maru-gothic-56-700-normal-5J37neib.woff            5.00 kB
dist/assets/zen-maru-gothic-greek-400-normal-BjoF71Ze.woff2        5.21 kB
dist/assets/zen-maru-gothic-greek-700-normal-B8MAm9Y2.woff2        5.27 kB
dist/assets/zen-maru-gothic-cyrillic-400-normal-pPaAjOI5.woff2     5.34 kB
dist/assets/zen-maru-gothic-cyrillic-700-normal-BeZ5xGQt.woff2     5.40 kB
dist/assets/zen-maru-gothic-59-400-normal-IpFtG9Hh.woff2           5.42 kB
dist/assets/zen-maru-gothic-59-700-normal-Bwx-IS8X.woff2           5.48 kB
dist/assets/ibm-plex-sans-jp-cyrillic-600-normal-B4enfOPB.woff     5.81 kB
dist/assets/ibm-plex-sans-jp-cyrillic-400-normal-DJG00D-p.woff     5.82 kB
dist/assets/ibm-plex-sans-jp-117-400-normal-hyG31T85.woff2         6.43 kB
dist/assets/ibm-plex-sans-jp-117-600-normal-DJWr9iDJ.woff2         6.57 kB
dist/assets/zen-maru-gothic-greek-400-normal-CUplq2lX.woff         6.64 kB
dist/assets/zen-maru-gothic-greek-700-normal-CD2QpYyX.woff         6.72 kB
dist/assets/ibm-plex-sans-jp-50-400-normal-DU9yuSzL.woff2          6.85 kB
dist/assets/zen-maru-gothic-cyrillic-400-normal-mYnAoHvm.woff      6.88 kB
dist/assets/zen-maru-gothic-cyrillic-700-normal-CkhT2C1w.woff      6.89 kB
dist/assets/ibm-plex-sans-jp-50-600-normal-bZ0wMfTu.woff2          7.00 kB
dist/assets/zen-maru-gothic-59-400-normal-nnWjesLx.woff            7.04 kB
dist/assets/zen-maru-gothic-59-700-normal-VtCcyW8c.woff            7.08 kB
dist/assets/ibm-plex-sans-jp-53-400-normal-BNzLW3gK.woff2          7.12 kB
dist/assets/ibm-plex-sans-jp-53-600-normal-BYo95wdR.woff2          7.21 kB
dist/assets/ibm-plex-sans-jp-117-400-normal-Bq_d-uLr.woff          7.41 kB
dist/assets/ibm-plex-sans-jp-117-600-normal-CEeS0kan.woff          7.49 kB
dist/assets/ibm-plex-sans-jp-58-400-normal-jeWDsIkS.woff2          7.56 kB
dist/assets/ibm-plex-sans-jp-114-400-normal-D64L80iO.woff2         7.61 kB
dist/assets/zen-maru-gothic-53-400-normal-PpA8RztA.woff2           7.61 kB
dist/assets/ibm-plex-sans-jp-114-600-normal-DradD0b_.woff2         7.68 kB
dist/assets/ibm-plex-sans-jp-58-600-normal-Bma8ReWy.woff2          7.70 kB
dist/assets/zen-maru-gothic-53-700-normal-BzkpKeMJ.woff2           7.70 kB
dist/assets/ibm-plex-sans-jp-53-400-normal-arm4ZLbG.woff           7.82 kB
dist/assets/ibm-plex-sans-jp-113-400-normal-C-SwPUxy.woff2         7.83 kB
dist/assets/ibm-plex-sans-jp-50-400-normal-DDJncqjC.woff           7.88 kB
dist/assets/ibm-plex-sans-jp-53-600-normal-CTWAZiwT.woff           7.88 kB
dist/assets/ibm-plex-sans-jp-113-600-normal-FVXa1K7W.woff2         7.92 kB
dist/assets/ibm-plex-sans-jp-109-600-normal-J_8d2uPX.woff2         7.92 kB
dist/assets/ibm-plex-sans-jp-56-600-normal-DsSHHMYs.woff2          7.93 kB
dist/assets/ibm-plex-sans-jp-109-400-normal-DLZ5N3wZ.woff2         7.94 kB
dist/assets/ibm-plex-sans-jp-50-600-normal-KlXN5ii8.woff           8.00 kB
dist/assets/ibm-plex-sans-jp-101-400-normal-y2nxydha.woff2         8.01 kB
dist/assets/ibm-plex-sans-jp-115-400-normal-DGp_yQCO.woff2         8.04 kB
dist/assets/ibm-plex-sans-jp-56-400-normal-BImwtP9C.woff2          8.04 kB
dist/assets/ibm-plex-sans-jp-101-600-normal-BKchJvlk.woff2         8.06 kB
dist/assets/ibm-plex-sans-jp-112-400-normal-DpWOC24h.woff2         8.06 kB
dist/assets/ibm-plex-sans-jp-115-600-normal-Bf5qTwLg.woff2         8.10 kB
dist/assets/ibm-plex-sans-jp-112-600-normal-BkM4GSUi.woff2         8.12 kB
dist/assets/ibm-plex-sans-jp-110-400-normal-BiGMHdAV.woff2         8.22 kB
dist/assets/zen-maru-gothic-118-400-normal-E6NOC16k.woff2          8.30 kB
dist/assets/zen-maru-gothic-118-700-normal-BtFFTcGu.woff2          8.32 kB
dist/assets/ibm-plex-sans-jp-116-400-normal-DcXtXIIt.woff2         8.33 kB
dist/assets/ibm-plex-sans-jp-110-600-normal-BXI508QN.woff2         8.36 kB
dist/assets/ibm-plex-sans-jp-116-600-normal-Bwb7m1tn.woff2         8.44 kB
dist/assets/zen-maru-gothic-58-700-normal-A42bM1Z9.woff2           8.46 kB
dist/assets/zen-maru-gothic-58-400-normal-BHOm6XJy.woff2           8.50 kB
dist/assets/ibm-plex-sans-jp-114-400-normal-DkNQ39Bm.woff          8.51 kB
dist/assets/ibm-plex-sans-jp-104-400-normal-CuKiid_t.woff2         8.56 kB
dist/assets/ibm-plex-sans-jp-114-600-normal-CfAYQkvR.woff          8.57 kB
dist/assets/ibm-plex-sans-jp-104-600-normal-2KjU-YTd.woff2         8.60 kB
dist/assets/zen-maru-gothic-117-400-normal-CaOP3TFx.woff2          8.63 kB
dist/assets/ibm-plex-sans-jp-85-400-normal-DIfXns4-.woff2          8.63 kB
dist/assets/ibm-plex-sans-jp-97-400-normal-4k_rP24C.woff2          8.64 kB
dist/assets/ibm-plex-sans-jp-85-600-normal-8jj6aRvF.woff2          8.65 kB
dist/assets/ibm-plex-sans-jp-97-600-normal-CIqUzk_a.woff2          8.66 kB
dist/assets/ibm-plex-sans-jp-63-400-normal-NWeXooWt.woff2          8.67 kB
dist/assets/ibm-plex-sans-jp-102-400-normal-BQfFShQ1.woff2         8.68 kB
dist/assets/ibm-plex-sans-jp-111-400-normal-DwkaZ2wL.woff2         8.68 kB
dist/assets/ibm-plex-sans-jp-111-600-normal-DjZCOVOv.woff2         8.68 kB
dist/assets/ibm-plex-sans-jp-88-400-normal-Ce6Hc4-O.woff2          8.71 kB
dist/assets/ibm-plex-sans-jp-95-400-normal-DPH1GVj3.woff2          8.72 kB
dist/assets/ibm-plex-sans-jp-102-600-normal-B1Puw4D2.woff2         8.73 kB
dist/assets/ibm-plex-sans-jp-88-600-normal-R7ba6CXY.woff2          8.74 kB
dist/assets/ibm-plex-sans-jp-58-400-normal-Iyqdz6U_.woff           8.78 kB
dist/assets/ibm-plex-sans-jp-63-600-normal-Dwsde-Vo.woff2          8.79 kB
dist/assets/ibm-plex-sans-jp-95-600-normal-DqzXikSS.woff2          8.79 kB
dist/assets/ibm-plex-sans-jp-113-400-normal-ngLrg9Ph.woff          8.81 kB
dist/assets/zen-maru-gothic-117-700-normal-DcF0qBLA.woff2          8.81 kB
dist/assets/ibm-plex-sans-jp-86-400-normal-Dwyie3Iv.woff2          8.82 kB
dist/assets/ibm-plex-sans-jp-107-400-normal-2yW6cSNP.woff2         8.82 kB
dist/assets/ibm-plex-sans-jp-56-400-normal-BikO35BJ.woff           8.82 kB
dist/assets/ibm-plex-sans-jp-86-600-normal-CdiZE1rm.woff2          8.83 kB
dist/assets/ibm-plex-sans-jp-92-400-normal-BfkGgwSg.woff2          8.84 kB
dist/assets/ibm-plex-sans-jp-96-400-normal-OCME7gOK.woff2          8.84 kB
dist/assets/ibm-plex-sans-jp-58-600-normal-D3LkCFqf.woff           8.85 kB
dist/assets/ibm-plex-sans-jp-81-400-normal-D32P0Vtu.woff2          8.85 kB
dist/assets/ibm-plex-sans-jp-93-400-normal-CXc_m19k.woff2          8.86 kB
dist/assets/ibm-plex-sans-jp-113-600-normal-pSsmDa5a.woff          8.87 kB
dist/assets/ibm-plex-sans-jp-76-400-normal-BtXAriso.woff2          8.87 kB
dist/assets/ibm-plex-sans-jp-98-400-normal-B515X6p6.woff2          8.88 kB
dist/assets/ibm-plex-sans-jp-107-600-normal-JAonwJOj.woff2         8.88 kB
dist/assets/ibm-plex-sans-jp-96-600-normal-GzZNxGhs.woff2          8.89 kB
dist/assets/ibm-plex-sans-jp-92-600-normal-9-dsEf5V.woff2          8.90 kB
dist/assets/ibm-plex-sans-jp-81-600-normal-BrNo5bPi.woff2          8.90 kB
dist/assets/ibm-plex-sans-jp-93-600-normal-BSK1xVrb.woff2          8.92 kB
dist/assets/ibm-plex-sans-jp-103-400-normal-DNs9Omj-.woff2         8.92 kB
dist/assets/ibm-plex-sans-jp-105-400-normal-CHWaGU9J.woff2         8.96 kB
dist/assets/ibm-plex-sans-jp-67-400-normal-lzlrdx0G.woff2          8.97 kB
dist/assets/ibm-plex-sans-jp-109-400-normal-BYkYsUMr.woff          8.98 kB
dist/assets/ibm-plex-sans-jp-103-600-normal-tN_-CKym.woff2         8.98 kB
dist/assets/ibm-plex-sans-jp-56-600-normal-fFxOmumy.woff           8.98 kB
dist/assets/ibm-plex-sans-jp-74-400-normal-BM6YwLsn.woff2          8.99 kB
dist/assets/ibm-plex-sans-jp-84-400-normal-C14BeeRx.woff2          8.99 kB
dist/assets/ibm-plex-sans-jp-109-600-normal-DgvmKVfh.woff          9.00 kB
dist/assets/ibm-plex-sans-jp-76-600-normal-XH04BMqX.woff2          9.00 kB
dist/assets/ibm-plex-sans-jp-98-600-normal-pBxafNws.woff2          9.01 kB
dist/assets/ibm-plex-sans-jp-105-600-normal-Eel3dN7e.woff2         9.02 kB
dist/assets/ibm-plex-sans-jp-67-600-normal-6KKBCWxa.woff2          9.04 kB
dist/assets/ibm-plex-sans-jp-74-600-normal-CxFvTzoC.woff2          9.04 kB
dist/assets/ibm-plex-sans-jp-84-600-normal-CCq3cWfr.woff2          9.05 kB
dist/assets/ibm-plex-sans-jp-66-400-normal-CNxVmlv6.woff2          9.05 kB
dist/assets/ibm-plex-sans-jp-89-400-normal-DWWwgYkQ.woff2          9.06 kB
dist/assets/ibm-plex-sans-jp-80-400-normal-boMeGYwE.woff2          9.08 kB
dist/assets/ibm-plex-sans-jp-101-600-normal-BrpHYkNm.woff          9.08 kB
dist/assets/ibm-plex-sans-jp-66-600-normal-hyHZDzzP.woff2          9.09 kB
dist/assets/ibm-plex-sans-jp-80-600-normal-Cn0IXtFE.woff2          9.09 kB
dist/assets/ibm-plex-sans-jp-101-400-normal-DoWmZlZj.woff          9.10 kB
dist/assets/ibm-plex-sans-jp-115-400-normal-BA3oFlL7.woff          9.14 kB
dist/assets/zen-maru-gothic-53-700-normal-Cn6l9zlk.woff            9.15 kB
dist/assets/ibm-plex-sans-jp-115-600-normal-5l6N5_Bf.woff          9.18 kB
dist/assets/ibm-plex-sans-jp-89-600-normal-DhA0Dlsd.woff2          9.18 kB
dist/assets/ibm-plex-sans-jp-112-600-normal-C2q6NvAJ.woff          9.18 kB
dist/assets/ibm-plex-sans-jp-112-400-normal-DD55zx92.woff          9.19 kB
dist/assets/zen-maru-gothic-53-400-normal-DtwrZM4s.woff            9.22 kB
dist/assets/ibm-plex-sans-jp-75-400-normal-DrNdqo4y.woff2          9.25 kB
dist/assets/ibm-plex-sans-jp-110-400-normal-CWciHSky.woff          9.25 kB
dist/assets/ibm-plex-sans-jp-100-400-normal-4_aXP0Hy.woff2         9.27 kB
dist/assets/ibm-plex-sans-jp-108-400-normal-BKXuaz7L.woff2         9.28 kB
dist/assets/ibm-plex-sans-jp-71-600-normal-ChBeHVSC.woff2          9.28 kB
dist/assets/ibm-plex-sans-jp-71-400-normal-HbsCI6VV.woff2          9.28 kB
dist/assets/ibm-plex-sans-jp-116-400-normal-BidJdmrW.woff          9.29 kB
dist/assets/ibm-plex-sans-jp-91-400-normal-Dqn0gBBY.woff2          9.29 kB
dist/assets/ibm-plex-sans-jp-75-600-normal-DzUkgy6d.woff2          9.30 kB
dist/assets/ibm-plex-sans-jp-116-600-normal-DShPLUNp.woff          9.32 kB
dist/assets/ibm-plex-sans-jp-110-600-normal-C3nYbUvy.woff          9.32 kB
dist/assets/ibm-plex-sans-jp-82-400-normal-DDpDjsGx.woff2          9.34 kB
dist/assets/ibm-plex-sans-jp-83-400-normal-Bw_rXMEi.woff2          9.34 kB
dist/assets/ibm-plex-sans-jp-108-600-normal-CIZc2z7F.woff2         9.36 kB
dist/assets/ibm-plex-sans-jp-91-600-normal-CMZZHiYs.woff2          9.36 kB
dist/assets/ibm-plex-sans-jp-100-600-normal-Bolb9iqL.woff2         9.38 kB
dist/assets/ibm-plex-sans-jp-82-600-normal-DajH-4xp.woff2          9.39 kB
dist/assets/zen-maru-gothic-50-400-normal-B-kbali3.woff2           9.40 kB
dist/assets/ibm-plex-sans-jp-90-400-normal-D_k1n-D_.woff2          9.41 kB
dist/assets/ibm-plex-sans-jp-70-400-normal-BQZWkZap.woff2          9.44 kB
dist/assets/ibm-plex-sans-jp-69-400-normal-ClpMq853.woff2          9.45 kB
dist/assets/ibm-plex-sans-jp-94-400-normal-B4bajS3c.woff2          9.46 kB
dist/assets/ibm-plex-sans-jp-62-400-normal-DSLFRuBi.woff2          9.47 kB
dist/assets/ibm-plex-sans-jp-79-400-normal-CHV4cTl6.woff2          9.47 kB
dist/assets/ibm-plex-sans-jp-83-600-normal-DsLbRz3E.woff2          9.48 kB
dist/assets/ibm-plex-sans-jp-94-600-normal-Cl_ZMZu8.woff2          9.48 kB
dist/assets/ibm-plex-sans-jp-90-600-normal-DhhMI-5X.woff2          9.49 kB
dist/assets/ibm-plex-sans-jp-87-400-normal-9iA5aW6B.woff2          9.51 kB
dist/assets/ibm-plex-sans-jp-106-400-normal-CGlLvzZs.woff2         9.52 kB
dist/assets/ibm-plex-sans-jp-70-600-normal-D_nkzVDi.woff2          9.55 kB
dist/assets/ibm-plex-sans-jp-99-400-normal-DmQyl23y.woff2          9.58 kB
dist/assets/ibm-plex-sans-jp-77-400-normal-C8x5jxqc.woff2          9.60 kB
dist/assets/ibm-plex-sans-jp-62-600-normal-CAFV2WS-.woff2          9.60 kB
dist/assets/ibm-plex-sans-jp-106-600-normal-B1bzLzbH.woff2         9.62 kB
dist/assets/ibm-plex-sans-jp-69-600-normal-Bsq_ALiN.woff2          9.62 kB
dist/assets/ibm-plex-sans-jp-79-600-normal-BwemUgt7.woff2          9.62 kB
dist/assets/ibm-plex-sans-jp-87-600-normal-DJDdt009.woff2          9.66 kB
dist/assets/ibm-plex-sans-jp-104-600-normal-Duw986jf.woff          9.68 kB
dist/assets/ibm-plex-sans-jp-99-600-normal-DnK7T1fc.woff2          9.68 kB
dist/assets/ibm-plex-sans-jp-77-600-normal-Dst0n_2I.woff2          9.69 kB
dist/assets/ibm-plex-sans-jp-97-600-normal-DCSYk_Yh.woff           9.71 kB
dist/assets/zen-maru-gothic-50-700-normal-CObnAQGN.woff2           9.71 kB
dist/assets/ibm-plex-sans-jp-73-400-normal-B9cHSeQ5.woff2          9.72 kB
dist/assets/ibm-plex-sans-jp-85-400-normal-CxNRCaXC.woff           9.73 kB
dist/assets/ibm-plex-sans-jp-97-400-normal-CP6Nx25U.woff           9.74 kB
dist/assets/ibm-plex-sans-jp-104-400-normal-BmhZQdzl.woff          9.74 kB
dist/assets/ibm-plex-sans-jp-102-400-normal-Ca0txE7W.woff          9.75 kB
dist/assets/ibm-plex-sans-jp-85-600-normal-DlyOX1Qf.woff           9.77 kB
dist/assets/ibm-plex-sans-jp-107-600-normal-3L-o-gNc.woff          9.78 kB
dist/assets/ibm-plex-sans-jp-107-400-normal-Dh4QR9Sa.woff          9.78 kB
dist/assets/ibm-plex-sans-jp-95-400-normal-BaY9CSq2.woff           9.79 kB
dist/assets/ibm-plex-sans-jp-73-600-normal-CoMSI1sj.woff2          9.80 kB
dist/assets/ibm-plex-sans-jp-63-400-normal-BCOcqFvH.woff           9.80 kB
dist/assets/ibm-plex-sans-jp-88-600-normal-C0xzysV4.woff           9.80 kB
dist/assets/ibm-plex-sans-jp-102-600-normal-CUZjz5v8.woff          9.82 kB
dist/assets/ibm-plex-sans-jp-86-600-normal-sZuKvaH0.woff           9.83 kB
dist/assets/ibm-plex-sans-jp-88-400-normal-47Y8c3gi.woff           9.84 kB
dist/assets/ibm-plex-sans-jp-111-400-normal-36IKJEvJ.woff          9.84 kB
dist/assets/ibm-plex-sans-jp-63-600-normal-rFqEK_Cq.woff           9.85 kB
dist/assets/ibm-plex-sans-jp-111-600-normal-B0FD3VdV.woff          9.86 kB
dist/assets/ibm-plex-sans-jp-95-600-normal-BcydLyYe.woff           9.88 kB
dist/assets/ibm-plex-sans-jp-78-400-normal-DUw4O9kJ.woff2          9.89 kB
dist/assets/ibm-plex-sans-jp-86-400-normal-Bb5ShdOk.woff           9.90 kB
dist/assets/ibm-plex-sans-jp-59-400-normal-CkeNzekL.woff           9.92 kB
dist/assets/ibm-plex-sans-jp-78-600-normal-CdDbCMo5.woff2          9.95 kB
dist/assets/ibm-plex-sans-jp-92-400-normal-DoNv6QKI.woff           9.96 kB
dist/assets/ibm-plex-sans-jp-96-600-normal-BgkVLddD.woff           9.96 kB
dist/assets/ibm-plex-sans-jp-96-400-normal-CXuQ_R0S.woff           9.97 kB
dist/assets/ibm-plex-sans-jp-93-400-normal-B6WlHkvJ.woff           9.97 kB
dist/assets/ibm-plex-sans-jp-76-400-normal-DvZrEIB3.woff           9.98 kB
dist/assets/ibm-plex-sans-jp-92-600-normal-cJ6s0u50.woff           9.98 kB
dist/assets/ibm-plex-sans-jp-103-400-normal-DHwmA74W.woff          9.99 kB
dist/assets/ibm-plex-sans-jp-103-600-normal-BW8Frffd.woff          9.99 kB
dist/assets/ibm-plex-sans-jp-93-600-normal-OQ8utWzT.woff          10.00 kB
dist/assets/ibm-plex-sans-jp-81-400-normal-BRtTCfUk.woff          10.01 kB
dist/assets/ibm-plex-sans-jp-68-400-normal-CfTKk1Ti.woff2         10.03 kB
dist/assets/ibm-plex-sans-jp-81-600-normal-ic2OowiW.woff          10.03 kB
dist/assets/ibm-plex-sans-jp-105-400-normal-BBf-_m9N.woff         10.04 kB
dist/assets/ibm-plex-sans-jp-74-400-normal-BTWjvuog.woff          10.05 kB
dist/assets/ibm-plex-sans-jp-105-600-normal-CmUdXGK4.woff         10.08 kB
dist/assets/ibm-plex-sans-jp-98-400-normal-Cf7sm02w.woff          10.09 kB
dist/assets/ibm-plex-sans-jp-74-600-normal-D51sy90d.woff          10.11 kB
dist/assets/ibm-plex-sans-jp-76-600-normal-Bkns-GmL.woff          10.12 kB
dist/assets/ibm-plex-sans-jp-61-400-normal-BTqxO8KS.woff2         10.14 kB
dist/assets/ibm-plex-sans-jp-84-400-normal-C_JCm1wG.woff          10.14 kB
dist/assets/ibm-plex-sans-jp-98-600-normal-DugMp3FI.woff          10.14 kB
dist/assets/ibm-plex-sans-jp-68-600-normal-BlYm4TE_.woff2         10.16 kB
dist/assets/ibm-plex-sans-jp-67-400-normal-D3j6dBx3.woff          10.17 kB
dist/assets/ibm-plex-sans-jp-84-600-normal-CNKfBGzf.woff          10.17 kB
dist/assets/ibm-plex-sans-jp-59-400-normal-D7J9HacT.woff2         10.18 kB
dist/assets/ibm-plex-sans-jp-72-400-normal-D3NTG_Qr.woff2         10.18 kB
dist/assets/ibm-plex-sans-jp-89-400-normal-BQ1quosg.woff          10.18 kB
dist/assets/ibm-plex-sans-jp-80-600-normal-5_89urOt.woff          10.20 kB
dist/assets/ibm-plex-sans-jp-80-400-normal-B1EBYabM.woff          10.20 kB
dist/assets/ibm-plex-sans-jp-67-600-normal-DgWoOUUg.woff          10.22 kB
dist/assets/ibm-plex-sans-jp-66-400-normal-BfKrnenI.woff          10.22 kB
dist/assets/ibm-plex-sans-jp-66-600-normal-nq1zdTbH.woff          10.23 kB
dist/assets/ibm-plex-sans-jp-59-600-normal-B0Hs_yqp.woff          10.23 kB
dist/assets/ibm-plex-sans-jp-89-600-normal-C2tA-5LU.woff          10.24 kB
dist/assets/ibm-plex-sans-jp-65-400-normal-BIWHDE_t.woff2         10.25 kB
dist/assets/ibm-plex-sans-jp-61-600-normal-D_Q2U_HY.woff2         10.33 kB
dist/assets/ibm-plex-sans-jp-72-600-normal-rfJ4c39Q.woff2         10.33 kB
dist/assets/ibm-plex-sans-jp-65-600-normal-8ErTTni6.woff2         10.34 kB
dist/assets/ibm-plex-sans-jp-60-400-normal-Bc0pWfYQ.woff2         10.34 kB
dist/assets/ibm-plex-sans-jp-75-400-normal-DX0jfUHx.woff          10.38 kB
dist/assets/ibm-plex-sans-jp-71-600-normal-CfPjA3xh.woff          10.39 kB
dist/assets/ibm-plex-sans-jp-91-400-normal-Ciy4dQcd.woff          10.40 kB
dist/assets/ibm-plex-sans-jp-71-400-normal-BF8CoFgI.woff          10.41 kB
dist/assets/ibm-plex-sans-jp-108-400-normal-CMeK7Yoj.woff         10.43 kB
dist/assets/ibm-plex-sans-jp-108-600-normal-9ormcCnp.woff         10.43 kB
dist/assets/ibm-plex-sans-jp-75-600-normal-DvAVPJPm.woff          10.44 kB
dist/assets/ibm-plex-sans-jp-91-600-normal-D3h_qbuq.woff          10.44 kB
dist/assets/zen-maru-gothic-58-700-normal-D8SsoU8v.woff           10.45 kB
dist/assets/ibm-plex-sans-jp-100-400-normal-DsMZ2scz.woff         10.46 kB
dist/assets/ibm-plex-sans-jp-82-400-normal-BQWp4BEz.woff          10.51 kB
dist/assets/ibm-plex-sans-jp-90-400-normal-CfqeE6EG.woff          10.51 kB
dist/assets/ibm-plex-sans-jp-94-600-normal-pqZtpQem.woff          10.52 kB
dist/assets/ibm-plex-sans-jp-100-600-normal-nIl-leH5.woff         10.53 kB
dist/assets/ibm-plex-sans-jp-82-600-normal-icuQ__PU.woff          10.54 kB
dist/assets/zen-maru-gothic-58-400-normal-B9ZoOj-e.woff           10.55 kB
dist/assets/ibm-plex-sans-jp-60-600-normal-DGaJXlcP.woff2         10.56 kB
dist/assets/ibm-plex-sans-jp-94-400-normal-FBGzvyjM.woff          10.56 kB
dist/assets/ibm-plex-sans-jp-90-600-normal-Bwsph-Eg.woff          10.57 kB
dist/assets/zen-maru-gothic-117-400-normal-TCq0vJCg.woff          10.58 kB
dist/assets/zen-maru-gothic-117-700-normal-CuS5Joq6.woff          10.60 kB
dist/assets/ibm-plex-sans-jp-59-600-normal-y8o2u47q.woff2         10.62 kB
dist/assets/ibm-plex-sans-jp-83-400-normal-yc2U6i4H.woff          10.62 kB
dist/assets/zen-maru-gothic-118-700-normal-BgAr7mLQ.woff          10.64 kB
dist/assets/ibm-plex-sans-jp-87-400-normal-BlQLoLxo.woff          10.64 kB
dist/assets/ibm-plex-sans-jp-69-400-normal-DIRwnaAC.woff          10.65 kB
dist/assets/zen-maru-gothic-118-400-normal-B72pjArH.woff          10.65 kB
dist/assets/ibm-plex-sans-jp-64-400-normal-DplHNRWf.woff2         10.66 kB
dist/assets/ibm-plex-sans-jp-70-400-normal-BvYVJLC-.woff          10.66 kB
dist/assets/ibm-plex-sans-jp-62-400-normal-CRZQtL4e.woff          10.67 kB
dist/assets/ibm-plex-sans-jp-70-600-normal-COjhVT5P.woff          10.68 kB
dist/assets/ibm-plex-sans-jp-83-600-normal-C2uell5V.woff          10.69 kB
dist/assets/ibm-plex-sans-jp-106-400-normal-foxE5hHG.woff         10.71 kB
dist/assets/ibm-plex-sans-jp-62-600-normal-DRBwH2wC.woff          10.71 kB
dist/assets/ibm-plex-sans-jp-79-400-normal-DKXEv0-8.woff          10.72 kB
dist/assets/ibm-plex-sans-jp-99-400-normal-BcrT9Fgn.woff          10.73 kB
dist/assets/ibm-plex-sans-jp-87-600-normal-CuP_sqvk.woff          10.73 kB
dist/assets/ibm-plex-sans-jp-77-600-normal-TveJi30r.woff          10.76 kB
dist/assets/ibm-plex-sans-jp-69-600-normal-D5M2jRxh.woff          10.77 kB
dist/assets/ibm-plex-sans-jp-64-600-normal-BE-tQzc4.woff2         10.77 kB
dist/assets/ibm-plex-sans-jp-77-400-normal-DIwXWqjG.woff          10.79 kB
dist/assets/ibm-plex-sans-jp-79-600-normal-jqoE6MSf.woff          10.79 kB
dist/assets/ibm-plex-sans-jp-106-600-normal-tHp1RYGF.woff         10.80 kB
dist/assets/ibm-plex-sans-jp-99-600-normal-CeMMRcA6.woff          10.82 kB
dist/assets/ibm-plex-sans-jp-73-400-normal-HVPdCDZ0.woff          10.85 kB
dist/assets/ibm-plex-sans-jp-73-600-normal-BL0EAwDJ.woff          10.92 kB
dist/assets/zen-maru-gothic-3-400-normal-CQof5Iib.woff2           10.97 kB
dist/assets/zen-maru-gothic-114-400-normal-Db2Y71py.woff2         10.99 kB
dist/assets/zen-maru-gothic-3-700-normal-B1X1vksY.woff2           11.02 kB
dist/assets/ibm-plex-sans-jp-78-400-normal-DdAHar7U.woff          11.08 kB
dist/assets/ibm-plex-sans-jp-78-600-normal-WSGX5G5j.woff          11.11 kB
dist/assets/zen-maru-gothic-114-700-normal-qZLt8APV.woff2         11.12 kB
dist/assets/zen-maru-gothic-113-400-normal-CMnI1beV.woff2         11.14 kB
dist/assets/zen-maru-gothic-113-700-normal-BKKDmPX_.woff2         11.21 kB
dist/assets/zen-maru-gothic-116-400-normal-Xpl-s3Gm.woff2         11.29 kB
dist/assets/ibm-plex-sans-jp-68-400-normal-BpRgjvkz.woff          11.33 kB
dist/assets/ibm-plex-sans-jp-68-600-normal-DiY9dfka.woff          11.38 kB
dist/assets/zen-maru-gothic-115-700-normal-Dh-xl0Nz.woff2         11.38 kB
dist/assets/ibm-plex-sans-jp-61-400-normal-BZ_Lvmfb.woff          11.38 kB
dist/assets/zen-maru-gothic-115-400-normal-CpDr2UzY.woff2         11.42 kB
dist/assets/ibm-plex-sans-jp-72-400-normal-BKinYB31.woff          11.45 kB
dist/assets/ibm-plex-sans-jp-72-600-normal-BpU6wBwH.woff          11.47 kB
dist/assets/zen-maru-gothic-52-700-normal-DyQARBv4.woff2          11.48 kB
dist/assets/zen-maru-gothic-116-700-normal-CF0L5WHI.woff2         11.50 kB
dist/assets/ibm-plex-sans-jp-61-600-normal-BkIPCguy.woff          11.51 kB
dist/assets/ibm-plex-sans-jp-65-400-normal-DNiOFlC5.woff          11.51 kB
dist/assets/ibm-plex-sans-jp-65-600-normal-Ckksq6Um.woff          11.53 kB
dist/assets/zen-maru-gothic-latin-400-normal-D528XlL5.woff2       11.55 kB
dist/assets/zen-maru-gothic-50-400-normal-BE1RMhOq.woff           11.58 kB
dist/assets/zen-maru-gothic-latin-700-normal-CSiy1nnP.woff2       11.61 kB
dist/assets/ibm-plex-sans-jp-60-400-normal-DU4X4cgu.woff          11.61 kB
dist/assets/zen-maru-gothic-52-400-normal-Bl8QILrQ.woff2          11.63 kB
dist/assets/zen-maru-gothic-50-700-normal-DIx5KA0n.woff           11.67 kB
dist/assets/ibm-plex-sans-jp-52-400-normal-DxvfHPiZ.woff2         11.68 kB
dist/assets/ibm-plex-sans-jp-60-600-normal-D22FGjEf.woff          11.68 kB
dist/assets/zen-maru-gothic-101-400-normal-D8ZzmSLC.woff2         11.70 kB
dist/assets/zen-maru-gothic-109-400-normal-C5XcKIvP.woff2         11.71 kB
dist/assets/zen-maru-gothic-109-700-normal-D-XyibNb.woff2         11.81 kB
dist/assets/zen-maru-gothic-110-400-normal-0VhdWNta.woff2         11.82 kB
dist/assets/ibm-plex-sans-jp-46-400-normal-Bo2fKdUV.woff2         11.84 kB
dist/assets/ibm-plex-sans-jp-52-600-normal-ofakrDYw.woff2         11.84 kB
dist/assets/zen-maru-gothic-101-700-normal-CoMeoIW8.woff2         11.92 kB
dist/assets/ibm-plex-sans-jp-64-400-normal-DjS9hHaA.woff          11.93 kB
dist/assets/zen-maru-gothic-110-700-normal-BVTyUyO6.woff2         11.98 kB
dist/assets/ibm-plex-sans-jp-46-600-normal-BwyRFFoW.woff2         12.00 kB
dist/assets/ibm-plex-sans-jp-64-600-normal-8FGNeBVO.woff          12.00 kB
dist/assets/zen-maru-gothic-112-400-normal-CFtRlDMu.woff2         12.05 kB
dist/assets/zen-maru-gothic-112-700-normal-rOu2r0k8.woff2         12.17 kB
dist/assets/zen-maru-gothic-107-400-normal-BGbEcSGc.woff2         12.24 kB
dist/assets/zen-maru-gothic-85-400-normal-D8bP3tkZ.woff2          12.26 kB
dist/assets/zen-maru-gothic-97-400-normal-D5xeKxKk.woff2          12.27 kB
dist/assets/zen-maru-gothic-63-400-normal-CIb0HmJy.woff2          12.36 kB
dist/assets/zen-maru-gothic-86-400-normal-CnAHvYgD.woff2          12.40 kB
dist/assets/zen-maru-gothic-63-700-normal-BtHXtHrX.woff2          12.45 kB
dist/assets/zen-maru-gothic-95-400-normal-fO3tncNS.woff2          12.46 kB
dist/assets/zen-maru-gothic-97-700-normal-C7kGaFMp.woff2          12.46 kB
dist/assets/zen-maru-gothic-107-700-normal-CsggmAxs.woff2         12.49 kB
dist/assets/zen-maru-gothic-86-700-normal-C9HQ6f1f.woff2          12.50 kB
dist/assets/zen-maru-gothic-102-400-normal-bQSzGJbe.woff2         12.52 kB
dist/assets/zen-maru-gothic-85-700-normal-DrHvuZYH.woff2          12.56 kB
dist/assets/zen-maru-gothic-111-400-normal-CU8EVqXb.woff2         12.62 kB
dist/assets/zen-maru-gothic-95-700-normal-BurSlSxq.woff2          12.65 kB
dist/assets/zen-maru-gothic-102-700-normal-DVPzPukF.woff2         12.74 kB
dist/assets/zen-maru-gothic-111-700-normal-CWVC8Xsl.woff2         12.81 kB
dist/assets/zen-maru-gothic-74-400-normal-BJ18Tts2.woff2          12.84 kB
dist/assets/zen-maru-gothic-88-400-normal-BwII3t6f.woff2          12.86 kB
dist/assets/zen-maru-gothic-96-400-normal-DDad7Cm6.woff2          12.90 kB
dist/assets/ibm-plex-sans-jp-45-400-normal-B9Y_v3iL.woff2         12.90 kB
dist/assets/zen-maru-gothic-104-400-normal-Ca9CkzAi.woff2         12.91 kB
dist/assets/zen-maru-gothic-93-400-normal-CBTKt08U.woff2          12.92 kB
dist/assets/zen-maru-gothic-89-400-normal-C2_U-Vim.woff2          12.92 kB
dist/assets/zen-maru-gothic-88-700-normal-CZAuDiOi.woff2          12.94 kB
dist/assets/zen-maru-gothic-103-400-normal-5PhDw8uZ.woff2         12.99 kB
dist/assets/zen-maru-gothic-96-700-normal-CD1t2M9P.woff2          13.00 kB
dist/assets/zen-maru-gothic-81-400-normal-DVycKdeX.woff2          13.00 kB
dist/assets/zen-maru-gothic-75-400-normal-B9G5AbgJ.woff2          13.02 kB
dist/assets/ibm-plex-sans-jp-45-600-normal-C3VBxVTw.woff2         13.05 kB
dist/assets/zen-maru-gothic-93-700-normal-C01uvJ3H.woff2          13.06 kB
dist/assets/zen-maru-gothic-105-400-normal-DXyWP3jF.woff2         13.13 kB
dist/assets/zen-maru-gothic-3-400-normal-CDTgsqhc.woff            13.13 kB
dist/assets/zen-maru-gothic-74-700-normal-CnjMyxz2.woff2          13.13 kB
dist/assets/zen-maru-gothic-104-700-normal-N6W-uMjo.woff2         13.15 kB
dist/assets/zen-maru-gothic-76-400-normal-D36pa7uS.woff2          13.18 kB
dist/assets/zen-maru-gothic-3-700-normal-D7wJD7zV.woff            13.19 kB
dist/assets/zen-maru-gothic-114-700-normal-DfXSpeGb.woff          13.20 kB
dist/assets/zen-maru-gothic-81-700-normal-CCL9Ob5k.woff2          13.21 kB
dist/assets/zen-maru-gothic-89-700-normal-oxlN_Xu9.woff2          13.22 kB
dist/assets/zen-maru-gothic-103-700-normal-C_eeUY1D.woff2         13.23 kB
dist/assets/zen-maru-gothic-84-400-normal-CCWlmJDX.woff2          13.24 kB
dist/assets/zen-maru-gothic-114-400-normal-BIBvyhQ6.woff          13.24 kB
dist/assets/zen-maru-gothic-92-400-normal-YELBn3bW.woff2          13.25 kB
dist/assets/zen-maru-gothic-80-400-normal-BXQFHjPR.woff2          13.28 kB
dist/assets/zen-maru-gothic-113-700-normal-cDBfzJjR.woff          13.29 kB
dist/assets/zen-maru-gothic-98-400-normal-kjwUWOA4.woff2          13.30 kB
dist/assets/zen-maru-gothic-67-400-normal-Da5Kd4Ml.woff2          13.30 kB
dist/assets/zen-maru-gothic-71-400-normal-DTFavqo8.woff2          13.32 kB
dist/assets/zen-maru-gothic-113-400-normal-DeoVFbbE.woff          13.35 kB
dist/assets/ibm-plex-sans-jp-52-600-normal-CxAqcrGJ.woff          13.36 kB
dist/assets/zen-maru-gothic-75-700-normal-5bcirCiE.woff2          13.37 kB
dist/assets/ibm-plex-sans-jp-52-400-normal-B6ntzhez.woff          13.38 kB
dist/assets/zen-maru-gothic-108-400-normal-CHE0eo77.woff2         13.38 kB
dist/assets/zen-maru-gothic-84-700-normal-CZdgkcei.woff2          13.38 kB
dist/assets/zen-maru-gothic-80-700-normal-B0K8UDoz.woff2          13.39 kB
dist/assets/zen-maru-gothic-92-700-normal-BLPHImPR.woff2          13.42 kB
dist/assets/zen-maru-gothic-71-700-normal-B6VXFTae.woff2          13.44 kB
dist/assets/zen-maru-gothic-105-700-normal-CVwTwojm.woff2         13.45 kB
dist/assets/zen-maru-gothic-76-700-normal-Dlb7ZNhR.woff2          13.46 kB
dist/assets/ibm-plex-sans-jp-33-400-normal-CRgD0sTN.woff2         13.46 kB
dist/assets/zen-maru-gothic-90-400-normal-BEYmmwmj.woff2          13.49 kB
dist/assets/zen-maru-gothic-98-700-normal-BbuprFi9.woff2          13.50 kB
dist/assets/zen-maru-gothic-91-400-normal-qBEfPkq1.woff2          13.51 kB
dist/assets/zen-maru-gothic-87-400-normal-CIoukFu0.woff2          13.52 kB
dist/assets/zen-maru-gothic-116-700-normal-CquIlUey.woff          13.58 kB
dist/assets/zen-maru-gothic-67-700-normal-DGBtx-Vn.woff2          13.60 kB
dist/assets/zen-maru-gothic-94-400-normal-DG2f9BIK.woff2          13.60 kB
dist/assets/zen-maru-gothic-116-400-normal-Bjihxpo0.woff          13.61 kB
dist/assets/zen-maru-gothic-115-700-normal-CD_2fyyL.woff          13.61 kB
dist/assets/ibm-plex-sans-jp-27-400-normal-c2jdwsOE.woff2         13.62 kB
dist/assets/zen-maru-gothic-91-700-normal-BmOEfH7a.woff2          13.64 kB
dist/assets/zen-maru-gothic-66-400-normal--d9zlLrk.woff2          13.65 kB
dist/assets/ibm-plex-sans-jp-46-400-normal-Dya4Xg3C.woff          13.70 kB
dist/assets/zen-maru-gothic-115-400-normal-D2yBXkg4.woff          13.70 kB
dist/assets/zen-maru-gothic-83-400-normal-BBhOmbq7.woff2          13.71 kB
dist/assets/ibm-plex-sans-jp-33-600-normal-Di883cZY.woff2         13.74 kB
dist/assets/zen-maru-gothic-108-700-normal-wXYvYw6Z.woff2         13.74 kB
dist/assets/zen-maru-gothic-90-700-normal-BwnHmaK3.woff2          13.77 kB
dist/assets/ibm-plex-sans-jp-46-600-normal-BZxPnU9z.woff          13.78 kB
dist/assets/ibm-plex-sans-jp-49-400-normal-BGMyUOoF.woff2         13.79 kB
dist/assets/zen-maru-gothic-100-400-normal-CKCVKk4T.woff2         13.79 kB
dist/assets/zen-maru-gothic-70-400-normal-CVSzzThf.woff2          13.83 kB
dist/assets/zen-maru-gothic-87-700-normal-DFBnUMb4.woff2          13.84 kB
dist/assets/zen-maru-gothic-73-400-normal-wmQjesZP.woff2          13.86 kB
dist/assets/ibm-plex-sans-jp-27-600-normal-CffTHcnn.woff2         13.86 kB
dist/assets/zen-maru-gothic-66-700-normal-BiyR2346.woff2          13.88 kB
dist/assets/zen-maru-gothic-82-400-normal-D_uDXc0j.woff2          13.91 kB
dist/assets/zen-maru-gothic-94-700-normal-t6CsxiKS.woff2          13.92 kB
dist/assets/zen-maru-gothic-62-400-normal-C2QQa7r6.woff2          13.93 kB
dist/assets/zen-maru-gothic-109-700-normal-BB7W6rjt.woff          13.93 kB
dist/assets/ibm-plex-sans-jp-47-400-normal-BaRCXue3.woff2         13.94 kB
dist/assets/zen-maru-gothic-83-700-normal-D_r4UkjX.woff2          13.98 kB
dist/assets/ibm-plex-sans-jp-29-400-normal-DPDbHGRJ.woff2         14.00 kB
dist/assets/ibm-plex-sans-jp-20-400-normal-BQfFM2B0.woff2         14.04 kB
dist/assets/zen-maru-gothic-109-400-normal-PQlpoh0U.woff          14.04 kB
dist/assets/zen-maru-gothic-100-700-normal-CnLgh3Vn.woff2         14.06 kB
dist/assets/zen-maru-gothic-70-700-normal-C36MzikH.woff2          14.07 kB
dist/assets/zen-maru-gothic-101-700-normal-DHyaOZhi.woff          14.07 kB
dist/assets/zen-maru-gothic-110-700-normal-BOHiHmJV.woff          14.08 kB
dist/assets/zen-maru-gothic-101-400-normal-C88BUijO.woff          14.09 kB
dist/assets/ibm-plex-sans-jp-29-600-normal-jeFY9Hf_.woff2         14.10 kB
dist/assets/zen-maru-gothic-106-400-normal-flRrGZSU.woff2         14.11 kB
dist/assets/ibm-plex-sans-jp-49-600-normal-DASryXO5.woff2         14.14 kB
dist/assets/zen-maru-gothic-52-700-normal-veg9LO8_.woff           14.15 kB
dist/assets/ibm-plex-sans-jp-47-600-normal-BJMJyZ3V.woff2         14.16 kB
dist/assets/zen-maru-gothic-79-400-normal-BvjaanJD.woff2          14.16 kB
dist/assets/zen-maru-gothic-82-700-normal-CfDoM5EB.woff2          14.18 kB
dist/assets/zen-maru-gothic-110-400-normal-Bd5esK9m.woff          14.18 kB
dist/assets/ibm-plex-sans-jp-43-400-normal-BWVo0zWK.woff2         14.19 kB
dist/assets/zen-maru-gothic-99-400-normal-DY-iRo_X.woff2          14.20 kB
dist/assets/zen-maru-gothic-77-400-normal-DS4Qfeki.woff2          14.25 kB
dist/assets/zen-maru-gothic-73-700-normal-Du0d_mYg.woff2          14.25 kB
dist/assets/zen-maru-gothic-69-400-normal-CuxmEWBl.woff2          14.26 kB
dist/assets/ibm-plex-sans-jp-43-600-normal-BQhDNXpW.woff2         14.29 kB
dist/assets/zen-maru-gothic-106-700-normal-DzYPbUVF.woff2         14.29 kB
dist/assets/zen-maru-gothic-52-400-normal-Bfwp2YJf.woff           14.29 kB
dist/assets/ibm-plex-sans-jp-38-400-normal-D1Vp2bgS.woff2         14.31 kB
dist/assets/ibm-plex-sans-jp-26-400-normal-DNzE_dbG.woff2         14.31 kB
dist/assets/zen-maru-gothic-79-700-normal-DFVWjaQ-.woff2          14.32 kB
dist/assets/zen-maru-gothic-78-400-normal-Db6kIzyF.woff2          14.33 kB
dist/assets/zen-maru-gothic-62-700-normal-WhwGYwFj.woff2          14.36 kB
dist/assets/zen-maru-gothic-77-700-normal-D9d8yvgI.woff2          14.43 kB
dist/assets/zen-maru-gothic-112-700-normal-AwbDYkXH.woff          14.43 kB
dist/assets/ibm-plex-sans-jp-13-400-normal-DBDHqw4h.woff2         14.45 kB
dist/assets/zen-maru-gothic-112-400-normal--d23D70k.woff          14.48 kB
dist/assets/zen-maru-gothic-69-700-normal-DewlHV_g.woff2          14.49 kB
dist/assets/ibm-plex-sans-jp-38-600-normal-DgBl-sfZ.woff2         14.49 kB
dist/assets/zen-maru-gothic-99-700-normal-BAfMeV98.woff2          14.50 kB
dist/assets/ibm-plex-sans-jp-26-600-normal-Dblu0l-8.woff2         14.50 kB
dist/assets/ibm-plex-sans-jp-48-400-normal-ezIou-vd.woff2         14.52 kB
dist/assets/zen-maru-gothic-78-700-normal-DqgWAhLZ.woff2          14.55 kB
dist/assets/ibm-plex-sans-jp-20-600-normal-CYRAtz-I.woff2         14.58 kB
dist/assets/zen-maru-gothic-latin-400-normal-C2uKpwdv.woff        14.69 kB
dist/assets/zen-maru-gothic-latin-700-normal-Cb4EHpDE.woff        14.70 kB
dist/assets/zen-maru-gothic-97-700-normal-CX1GSR5S.woff           14.72 kB
dist/assets/zen-maru-gothic-86-700-normal-CNtHsY26.woff           14.72 kB
dist/assets/zen-maru-gothic-63-700-normal-DdmD8rcE.woff           14.73 kB
dist/assets/zen-maru-gothic-61-400-normal-5h2IcZuz.woff2          14.73 kB
dist/assets/ibm-plex-sans-jp-36-400-normal-BizbVEtQ.woff2         14.76 kB
dist/assets/zen-maru-gothic-85-400-normal-DAtSISRS.woff           14.76 kB
dist/assets/ibm-plex-sans-jp-45-400-normal-Cw08yPg4.woff          14.77 kB
dist/assets/zen-maru-gothic-63-400-normal-Bp5ALepP.woff           14.78 kB
dist/assets/zen-maru-gothic-107-400-normal-Coh1CP-4.woff          14.79 kB
dist/assets/zen-maru-gothic-68-400-normal-Czs7CF2_.woff2          14.81 kB
dist/assets/zen-maru-gothic-86-400-normal-BqhzI9TQ.woff           14.81 kB
dist/assets/zen-maru-gothic-97-400-normal-B5XEjTeG.woff           14.82 kB
dist/assets/zen-maru-gothic-107-700-normal-DdsYQ2l9.woff          14.82 kB
dist/assets/ibm-plex-sans-jp-48-600-normal-SLeRHHzg.woff2         14.82 kB
dist/assets/ibm-plex-sans-jp-45-600-normal-CPG32_M5.woff          14.86 kB
dist/assets/zen-maru-gothic-85-700-normal-BMisFm3X.woff           14.86 kB
dist/assets/ibm-plex-sans-jp-42-400-normal-Dl6WfOX3.woff2         14.87 kB
dist/assets/zen-maru-gothic-95-400-normal-Cyz1H-xY.woff           14.89 kB
dist/assets/zen-maru-gothic-95-700-normal-WKMnvh85.woff           14.89 kB
dist/assets/zen-maru-gothic-102-700-normal-t63d3YiX.woff          15.00 kB
dist/assets/zen-maru-gothic-102-400-normal-dxQsC5An.woff          15.00 kB
dist/assets/zen-maru-gothic-61-700-normal-jFjTJWEU.woff2          15.04 kB
dist/assets/ibm-plex-sans-jp-42-600-normal-DIFsJkow.woff2         15.06 kB
dist/assets/zen-maru-gothic-68-700-normal-CBMWn4C3.woff2          15.06 kB
dist/assets/ibm-plex-sans-jp-36-600-normal-CVgRkKvZ.woff2         15.08 kB
dist/assets/ibm-plex-sans-jp-13-600-normal-CgJUuraA.woff2         15.15 kB
dist/assets/zen-maru-gothic-111-400-normal-BX5Ub3ju.woff          15.18 kB
dist/assets/zen-maru-gothic-111-700-normal-D44getzQ.woff          15.21 kB
dist/assets/ibm-plex-sans-jp-44-400-normal-C6WuUhoa.woff2         15.22 kB
dist/assets/zen-maru-gothic-72-400-normal-BvmWu1To.woff2          15.29 kB
dist/assets/zen-maru-gothic-74-400-normal-CeaSTIix.woff           15.32 kB
dist/assets/zen-maru-gothic-60-400-normal-DfPzdTpe.woff2          15.32 kB
dist/assets/zen-maru-gothic-88-700-normal-Cv9QDnNL.woff           15.38 kB
dist/assets/zen-maru-gothic-96-700-normal-CBhubbW2.woff           15.38 kB
dist/assets/zen-maru-gothic-93-700-normal-RLRpmAwA.woff           15.40 kB
dist/assets/zen-maru-gothic-96-400-normal-BlgvMtH9.woff           15.40 kB
dist/assets/zen-maru-gothic-72-700-normal-Dg89e2MG.woff2          15.41 kB
dist/assets/zen-maru-gothic-74-700-normal-CJl7pcKu.woff           15.43 kB
dist/assets/zen-maru-gothic-104-400-normal-nPxZcqts.woff          15.43 kB
dist/assets/zen-maru-gothic-93-400-normal-BmoER9nm.woff           15.45 kB
dist/assets/zen-maru-gothic-65-400-normal-BdpM00gg.woff2          15.46 kB
dist/assets/zen-maru-gothic-88-400-normal-D5GVT1UF.woff           15.50 kB
dist/assets/zen-maru-gothic-104-700-normal-iHh8Av_H.woff          15.50 kB
dist/assets/zen-maru-gothic-103-400-normal-R0OeswHH.woff          15.50 kB
dist/assets/ibm-plex-sans-jp-18-400-normal-BiRcNUnW.woff2         15.51 kB
dist/assets/zen-maru-gothic-60-700-normal-DZADIiTH.woff2          15.52 kB
dist/assets/zen-maru-gothic-81-700-normal-DvYZ-0sa.woff           15.53 kB
dist/assets/zen-maru-gothic-103-700-normal-CdIF-yF-.woff          15.54 kB
dist/assets/ibm-plex-sans-jp-44-600-normal-BAOsDDVH.woff2         15.54 kB
dist/assets/ibm-plex-sans-jp-27-400-normal-CG_CPqz1.woff          15.57 kB
dist/assets/ibm-plex-sans-jp-3-400-normal-CSnRHPqi.woff2          15.58 kB
dist/assets/zen-maru-gothic-81-400-normal-DFIZHB2G.woff           15.58 kB
dist/assets/zen-maru-gothic-89-700-normal-CQUuQxT0.woff           15.58 kB
dist/assets/zen-maru-gothic-75-400-normal-RQcfMnKW.woff           15.59 kB
dist/assets/ibm-plex-sans-jp-40-400-normal-DRF-ZkFr.woff2         15.63 kB
dist/assets/zen-maru-gothic-89-400-normal-gCXDFitW.woff           15.64 kB
dist/assets/zen-maru-gothic-75-700-normal-BKrs9LU9.woff           15.66 kB
dist/assets/ibm-plex-sans-jp-29-400-normal-4EOJmPpr.woff          15.68 kB
dist/assets/ibm-plex-sans-jp-33-400-normal-7syfOPuJ.woff          15.68 kB
dist/assets/zen-maru-gothic-92-700-normal-BHD2283A.woff           15.69 kB
dist/assets/ibm-plex-sans-jp-33-600-normal-6C8BpThh.woff          15.71 kB
dist/assets/zen-maru-gothic-92-400-normal-DFdxIyf2.woff           15.72 kB
dist/assets/ibm-plex-sans-jp-27-600-normal-3axrvVxa.woff          15.73 kB
dist/assets/zen-maru-gothic-84-700-normal-DOjEWq9N.woff           15.74 kB
dist/assets/ibm-plex-sans-jp-49-400-normal-CpOmgEj1.woff          15.75 kB
dist/assets/ibm-plex-sans-jp-20-400-normal-2E5UN6VC.woff          15.76 kB
dist/assets/zen-maru-gothic-105-700-normal-BOgEz3ft.woff          15.76 kB
dist/assets/zen-maru-gothic-76-400-normal-BFETOgIA.woff           15.78 kB
dist/assets/zen-maru-gothic-65-700-normal-Cfv9Bqn7.woff2          15.78 kB
dist/assets/zen-maru-gothic-105-400-normal-CrrWrjOx.woff          15.78 kB
dist/assets/ibm-plex-sans-jp-29-600-normal-Ca71NnU-.woff          15.78 kB
dist/assets/zen-maru-gothic-84-400-normal-DRZrAMBd.woff           15.78 kB
dist/assets/zen-maru-gothic-80-700-normal-DQ9n-vlF.woff           15.79 kB
dist/assets/ibm-plex-sans-jp-18-600-normal-DjoWpWpr.woff2         15.80 kB
dist/assets/zen-maru-gothic-71-700-normal-BUNySwrP.woff           15.83 kB
dist/assets/zen-maru-gothic-71-400-normal-DS_9hWZJ.woff           15.84 kB
dist/assets/zen-maru-gothic-76-700-normal-BICVpgUF.woff           15.84 kB
dist/assets/zen-maru-gothic-67-700-normal-0Y_h6Y4O.woff           15.86 kB
dist/assets/ibm-plex-sans-jp-3-600-normal-SFbjSSXG.woff2          15.87 kB
dist/assets/zen-maru-gothic-67-400-normal-D9S94GlK.woff           15.88 kB
dist/assets/zen-maru-gothic-80-400-normal-D036l-2m.woff           15.94 kB
dist/assets/ibm-plex-sans-jp-16-400-normal-DJJG1Tuz.woff2         15.94 kB
dist/assets/ibm-plex-sans-jp-43-400-normal-d-ngL4VK.woff          15.97 kB
dist/assets/zen-maru-gothic-98-400-normal-MO_B4TP2.woff           15.97 kB
dist/assets/zen-maru-gothic-98-700-normal-DvGf2Tox.woff           15.98 kB
dist/assets/ibm-plex-sans-jp-49-600-normal-DyDLcZM_.woff          16.00 kB
dist/assets/zen-maru-gothic-64-400-normal-Dyuk4NKo.woff2          16.00 kB
dist/assets/zen-maru-gothic-90-400-normal-CqRfqmST.woff           16.00 kB
dist/assets/zen-maru-gothic-91-700-normal-Dk3kr9zC.woff           16.00 kB
dist/assets/ibm-plex-sans-jp-43-600-normal-BcvVxmDS.woff          16.02 kB
dist/assets/ibm-plex-sans-jp-16-600-normal-DZNod9fx.woff2         16.04 kB
dist/assets/ibm-plex-sans-jp-38-400-normal-DH9qOlQO.woff          16.04 kB
dist/assets/zen-maru-gothic-87-700-normal-DNJAR0lH.woff           16.05 kB
dist/assets/zen-maru-gothic-87-400-normal-DGkYHCGC.woff           16.07 kB
dist/assets/ibm-plex-sans-jp-40-600-normal-DD0bpqGF.woff2         16.10 kB
dist/assets/zen-maru-gothic-90-700-normal-wHYedTIt.woff           16.10 kB
dist/assets/ibm-plex-sans-jp-38-600-normal-BtzFMeyM.woff          16.12 kB
dist/assets/zen-maru-gothic-91-400-normal-F_vI_8O8.woff           16.13 kB
dist/assets/zen-maru-gothic-108-400-normal-VwCGfaqR.woff          16.14 kB
dist/assets/ibm-plex-sans-jp-118-400-normal-DFkHFeXA.woff2        16.15 kB
dist/assets/zen-maru-gothic-94-400-normal-BuLNf4AT.woff           16.16 kB
dist/assets/zen-maru-gothic-66-700-normal-D5wil1ua.woff           16.20 kB
dist/assets/ibm-plex-sans-jp-47-400-normal-DWeXBY63.woff          16.21 kB
dist/assets/ibm-plex-sans-jp-118-400-normal-TSsLEGdp.woff         16.22 kB
dist/assets/zen-maru-gothic-108-700-normal-D45ltXtG.woff          16.22 kB
dist/assets/zen-maru-gothic-66-400-normal-DU-1VWKH.woff           16.24 kB
dist/assets/ibm-plex-sans-jp-22-400-normal-IznGQDkP.woff2         16.24 kB
dist/assets/zen-maru-gothic-94-700-normal-BlRNZxpR.woff           16.27 kB
dist/assets/ibm-plex-sans-jp-47-600-normal-CyutRTf1.woff          16.27 kB
dist/assets/ibm-plex-sans-jp-20-600-normal-DwptQupD.woff          16.28 kB
dist/assets/ibm-plex-sans-jp-5-400-normal-CUIc6NHY.woff2          16.30 kB
dist/assets/zen-maru-gothic-64-700-normal-BHwuWRXA.woff2          16.36 kB
dist/assets/zen-maru-gothic-83-400-normal-DHE1eFgm.woff           16.41 kB
dist/assets/zen-maru-gothic-70-700-normal-vp8-9ih0.woff           16.42 kB
dist/assets/ibm-plex-sans-jp-26-400-normal-D_cpF5EA.woff          16.44 kB
dist/assets/zen-maru-gothic-70-400-normal-CWvOQeyw.woff           16.45 kB
dist/assets/zen-maru-gothic-100-700-normal-B2XcBtAJ.woff          16.48 kB
dist/assets/ibm-plex-sans-jp-22-600-normal-BWt9cZAr.woff2         16.50 kB
dist/assets/zen-maru-gothic-73-400-normal-BilxH7z4.woff           16.50 kB
dist/assets/zen-maru-gothic-100-400-normal-CwTYebPK.woff          16.50 kB
dist/assets/zen-maru-gothic-83-700-normal-DbqCnI3Q.woff           16.50 kB
dist/assets/ibm-plex-sans-jp-119-400-normal-BUYaH2_l.woff2        16.53 kB
dist/assets/zen-maru-gothic-82-400-normal-Pj7Iz6Sl.woff           16.54 kB
dist/assets/zen-maru-gothic-73-700-normal-B1PvWGbV.woff           16.58 kB
dist/assets/ibm-plex-sans-jp-21-400-normal-Zr4ScQUF.woff2         16.58 kB
dist/assets/ibm-plex-sans-jp-26-600-normal-ByYIbTSk.woff          16.60 kB
dist/assets/zen-maru-gothic-82-700-normal-C5iMH5jn.woff           16.61 kB
dist/assets/ibm-plex-sans-jp-14-400-normal-DPGCrf4O.woff2         16.61 kB
dist/assets/ibm-plex-sans-jp-13-400-normal-QmPj_vZd.woff          16.61 kB
dist/assets/zen-maru-gothic-62-400-normal-Dt0x2Vaw.woff           16.66 kB
dist/assets/zen-maru-gothic-106-700-normal-BFRNrGC7.woff          16.72 kB
dist/assets/ibm-plex-sans-jp-12-400-normal-quRUVnCJ.woff2         16.74 kB
dist/assets/zen-maru-gothic-79-700-normal-C3UWYjxH.woff           16.81 kB
dist/assets/ibm-plex-sans-jp-48-400-normal-JS-IrZBF.woff          16.81 kB
dist/assets/zen-maru-gothic-62-700-normal-Bb0SotGg.woff           16.82 kB
dist/assets/zen-maru-gothic-106-400-normal-DpklTgjv.woff          16.84 kB
dist/assets/ibm-plex-sans-jp-35-400-normal-_GHhCQ5l.woff2         16.84 kB
dist/assets/ibm-plex-sans-jp-14-600-normal-aLRf_2tU.woff2         16.85 kB
dist/assets/zen-maru-gothic-77-400-normal-CPAUUo4-.woff           16.86 kB
dist/assets/zen-maru-gothic-77-700-normal-BAaW7pmc.woff           16.86 kB
dist/assets/ibm-plex-sans-jp-118-600-normal-o_AOMkHJ.woff2        16.89 kB
dist/assets/zen-maru-gothic-99-400-normal-Bb03rkwV.woff           16.89 kB
dist/assets/ibm-plex-sans-jp-21-600-normal-BA-omFPG.woff2         16.90 kB
dist/assets/zen-maru-gothic-79-400-normal-Bp_EPCHd.woff           16.91 kB
dist/assets/zen-maru-gothic-78-700-normal-BI7NyYPN.woff           16.91 kB
dist/assets/ibm-plex-sans-jp-118-600-normal-Cvx3jb5D.woff         16.93 kB
dist/assets/zen-maru-gothic-69-700-normal-BSDzgWgG.woff           16.97 kB
dist/assets/ibm-plex-sans-jp-36-400-normal-D7gQSpeq.woff          16.99 kB
dist/assets/zen-maru-gothic-99-700-normal-zvbzbXrt.woff           16.99 kB
dist/assets/ibm-plex-sans-jp-37-400-normal-CrxhJitf.woff2         17.01 kB
dist/assets/zen-maru-gothic-78-400-normal-DrGxH-qx.woff           17.02 kB
dist/assets/ibm-plex-sans-jp-48-600-normal-BKUm06v8.woff          17.04 kB
dist/assets/zen-maru-gothic-69-400-normal-w3JYQ2ml.woff           17.08 kB
dist/assets/ibm-plex-sans-jp-5-600-normal-7tGyeWfE.woff2          17.13 kB
dist/assets/ibm-plex-sans-jp-36-600-normal-BiBUOoTN.woff          17.13 kB
dist/assets/ibm-plex-sans-jp-42-400-normal-Bwv1VfH1.woff          17.15 kB
dist/assets/ibm-plex-sans-jp-28-400-normal-DXIBRRx0.woff2         17.18 kB
dist/assets/ibm-plex-sans-jp-13-600-normal-CedQxG0H.woff          17.20 kB
dist/assets/ibm-plex-sans-jp-35-600-normal-DSSj8dPk.woff2         17.30 kB
dist/assets/ibm-plex-sans-jp-37-600-normal-BMpyr2ZA.woff2         17.32 kB
dist/assets/zen-maru-gothic-61-400-normal-BK3dpn2L.woff           17.33 kB
dist/assets/ibm-plex-sans-jp-42-600-normal-Bpb5tt9_.woff          17.34 kB
dist/assets/zen-maru-gothic-61-700-normal-V8lIpLny.woff           17.41 kB
dist/assets/ibm-plex-sans-jp-28-600-normal-BHA5xHG-.woff2         17.42 kB
dist/assets/ibm-plex-sans-jp-9-400-normal--2P0gMaE.woff2          17.50 kB
dist/assets/ibm-plex-sans-jp-18-400-normal-DcRwXlcA.woff          17.52 kB
dist/assets/ibm-plex-sans-jp-44-400-normal-Dpw9oVkY.woff          17.55 kB
dist/assets/ibm-plex-sans-jp-12-600-normal-B-m8VoGm.woff2         17.56 kB
dist/assets/zen-maru-gothic-68-700-normal-B25d4s5b.woff           17.59 kB
dist/assets/ibm-plex-sans-jp-41-400-normal-BqAaxgfH.woff2         17.60 kB
dist/assets/ibm-plex-sans-jp-18-600-normal-ZWO03fli.woff          17.63 kB
dist/assets/zen-maru-gothic-68-400-normal-DKGqYQW4.woff           17.68 kB
dist/assets/ibm-plex-sans-jp-19-400-normal-BGI-mgYq.woff2         17.72 kB
dist/assets/ibm-plex-sans-jp-44-600-normal-Bt-5iAy-.woff          17.73 kB
dist/assets/ibm-plex-sans-jp-25-400-normal-DFuJhyl7.woff2         17.76 kB
dist/assets/ibm-plex-sans-jp-32-400-normal-oBOpBx6K.woff2         17.81 kB
dist/assets/ibm-plex-sans-jp-30-400-normal-CE7Y9E5I.woff2         17.84 kB
dist/assets/ibm-plex-sans-jp-17-400-normal-Cz201O_t.woff2         17.86 kB
dist/assets/ibm-plex-sans-jp-9-600-normal-BWVUGdkT.woff2          17.90 kB
dist/assets/zen-maru-gothic-72-700-normal-COkM2hVW.woff           17.93 kB
dist/assets/ibm-plex-sans-jp-41-600-normal-BQOZ4bZi.woff2         17.98 kB
dist/assets/zen-maru-gothic-119-400-normal-DqSP3tEr.woff2         18.00 kB
dist/assets/ibm-plex-sans-jp-119-600-normal-BTu0jZJ-.woff2        18.01 kB
dist/assets/zen-maru-gothic-72-400-normal-BFi0KiLn.woff           18.04 kB
dist/assets/ibm-plex-sans-jp-16-400-normal-CPpcNs7A.woff          18.11 kB
dist/assets/zen-maru-gothic-60-700-normal-5OKnCysI.woff           18.12 kB
dist/assets/ibm-plex-sans-jp-6-400-normal-CK1rBi2w.woff2          18.14 kB
dist/assets/ibm-plex-sans-jp-3-400-normal-BpFIRrIG.woff           18.16 kB
dist/assets/zen-maru-gothic-60-400-normal-DEy5XoF9.woff           18.17 kB
dist/assets/ibm-plex-sans-jp-40-400-normal-Dye9yGvg.woff          18.21 kB
dist/assets/ibm-plex-sans-jp-3-600-normal-C7pAJQf3.woff           18.26 kB
dist/assets/ibm-plex-sans-jp-16-600-normal-DN27F9tO.woff          18.27 kB
dist/assets/ibm-plex-sans-jp-17-600-normal-GFEV0OtD.woff2         18.28 kB
dist/assets/zen-maru-gothic-65-400-normal-BZeSfYF0.woff           18.30 kB
dist/assets/zen-maru-gothic-46-400-normal-BF_SVkPn.woff2          18.32 kB
dist/assets/ibm-plex-sans-jp-32-600-normal-C6iWVt4P.woff2         18.35 kB
dist/assets/zen-maru-gothic-65-700-normal-YEXImw0r.woff           18.37 kB
dist/assets/ibm-plex-sans-jp-19-600-normal-DjYSyktj.woff2         18.43 kB
dist/assets/ibm-plex-sans-jp-40-600-normal-DSxToWDI.woff          18.43 kB
dist/assets/ibm-plex-sans-jp-30-600-normal-BNiX9WYe.woff2         18.45 kB
dist/assets/ibm-plex-sans-jp-10-400-normal-BLMYXIZq.woff2         18.52 kB
dist/assets/ibm-plex-sans-jp-5-400-normal-D2dVMMqj.woff           18.53 kB
dist/assets/ibm-plex-sans-jp-22-400-normal-qTFopCxn.woff          18.60 kB
dist/assets/ibm-plex-sans-jp-15-400-normal-D_ILNbWZ.woff2         18.66 kB
dist/assets/zen-maru-gothic-46-700-normal-B730T0Zj.woff2          18.69 kB
dist/assets/ibm-plex-sans-jp-22-600-normal-DuqSwCFh.woff          18.71 kB
dist/assets/ibm-plex-sans-jp-24-400-normal-McxyvMnV.woff2         18.78 kB
dist/assets/ibm-plex-sans-jp-14-400-normal-CP-jldkl.woff          18.80 kB
dist/assets/ibm-plex-sans-jp-25-600-normal-DJ9_bhYp.woff2         18.83 kB
dist/assets/zen-maru-gothic-119-700-normal-uJuiJZB6.woff2         18.84 kB
dist/assets/ibm-plex-sans-jp-55-400-normal-CgSa9olG.woff2         18.93 kB
dist/assets/ibm-plex-sans-jp-14-600-normal-36G4flWw.woff          18.93 kB
dist/assets/ibm-plex-sans-jp-11-400-normal-C0WskPfy.woff2         18.98 kB
dist/assets/ibm-plex-sans-jp-31-400-normal-CaOERqUu.woff2         18.98 kB
dist/assets/zen-maru-gothic-64-400-normal-olrPxo5t.woff           19.00 kB
dist/assets/ibm-plex-sans-jp-6-600-normal-Bgp388lR.woff2          19.03 kB
dist/assets/ibm-plex-sans-jp-21-400-normal-BFnRtDEF.woff          19.04 kB
dist/assets/zen-maru-gothic-64-700-normal-BdwDiFC7.woff           19.04 kB
dist/assets/ibm-plex-sans-jp-39-400-normal-D5wsbWuV.woff2         19.06 kB
dist/assets/ibm-plex-sans-jp-12-400-normal-BmG4MYox.woff          19.07 kB
dist/assets/ibm-plex-sans-jp-55-600-normal-5IjjJd2s.woff2         19.08 kB
dist/assets/ibm-plex-sans-jp-10-600-normal-B5S02aip.woff2         19.09 kB
dist/assets/zen-maru-gothic-45-400-normal-DvG8InN7.woff2          19.10 kB
dist/assets/ibm-plex-sans-jp-8-400-normal-tFiGs3IA.woff2          19.11 kB
dist/assets/ibm-plex-sans-jp-7-400-normal-Ce6XQT-X.woff2          19.11 kB
dist/assets/ibm-plex-sans-jp-15-600-normal-Cm8uzUfS.woff2         19.13 kB
dist/assets/ibm-plex-sans-jp-34-400-normal-DteAo9_1.woff2         19.15 kB
dist/assets/ibm-plex-sans-jp-21-600-normal-CVckMbS4.woff          19.19 kB
dist/assets/ibm-plex-sans-jp-5-600-normal-LSwIbfT4.woff           19.20 kB
dist/assets/ibm-plex-sans-jp-35-400-normal-oyHCgG2o.woff          19.28 kB
dist/assets/ibm-plex-sans-jp-37-400-normal-B-iV2FCz.woff          19.42 kB
dist/assets/ibm-plex-sans-jp-35-600-normal-B3Re-brg.woff          19.50 kB
dist/assets/ibm-plex-sans-jp-8-600-normal-BXRUM-0I.woff2          19.52 kB
dist/assets/ibm-plex-sans-jp-34-600-normal-BUBreiOx.woff2         19.63 kB
dist/assets/ibm-plex-sans-jp-37-600-normal-56davMJK.woff          19.63 kB
dist/assets/zen-maru-gothic-45-700-normal-BAsUXsGw.woff2          19.64 kB
dist/assets/ibm-plex-sans-jp-28-400-normal-C5RxoJ3V.woff          19.65 kB
dist/assets/ibm-plex-sans-jp-7-600-normal-BIimYJ8p.woff2          19.66 kB
dist/assets/ibm-plex-sans-jp-39-600-normal-D_kp1-X0.woff2         19.66 kB
dist/assets/ibm-plex-sans-jp-31-600-normal-DfrgvMVe.woff2         19.71 kB
dist/assets/ibm-plex-sans-jp-12-600-normal-CxDfRaaH.woff          19.71 kB
dist/assets/ibm-plex-sans-jp-28-600-normal-t8w8Pigz.woff          19.77 kB
dist/assets/ibm-plex-sans-jp-24-600-normal-CTyo1FsZ.woff2         19.82 kB
dist/assets/ibm-plex-sans-jp-119-400-normal-aBgyJQOx.woff         19.82 kB
dist/assets/ibm-plex-sans-jp-9-400-normal-DOuCM5BV.woff           19.83 kB
dist/assets/ibm-plex-sans-jp-19-400-normal-CAilAALt.woff          19.86 kB
dist/assets/ibm-plex-sans-jp-9-600-normal-DKQ7A1j0.woff           20.02 kB
dist/assets/ibm-plex-sans-jp-11-600-normal-HVxl9urI.woff2         20.12 kB
dist/assets/ibm-plex-sans-jp-30-400-normal-CkxUuY_J.woff          20.30 kB
dist/assets/ibm-plex-sans-jp-41-400-normal-CsmxKILz.woff          20.33 kB
dist/assets/zen-maru-gothic-38-400-normal-BfCjV3VZ.woff2          20.42 kB
dist/assets/ibm-plex-sans-jp-25-400-normal-BFxbWz5n.woff          20.43 kB
dist/assets/ibm-plex-sans-jp-17-400-normal-Xd0EQnSI.woff          20.44 kB
dist/assets/ibm-plex-sans-jp-41-600-normal-Jx8Bp44x.woff          20.44 kB
dist/assets/ibm-plex-sans-jp-19-600-normal-ce3oirTN.woff          20.46 kB
dist/assets/ibm-plex-sans-jp-17-600-normal-Dlo-tSr-.woff          20.54 kB
dist/assets/zen-maru-gothic-49-400-normal-DjR0pWpn.woff2          20.64 kB
dist/assets/ibm-plex-sans-jp-30-600-normal-B2Z1u9V0.woff          20.66 kB
dist/assets/zen-maru-gothic-27-400-normal-DkjBC3BJ.woff2          20.68 kB
dist/assets/ibm-plex-sans-jp-32-400-normal-DCgv6PbD.woff          20.81 kB
dist/assets/ibm-plex-sans-jp-32-600-normal-BVvFPwh-.woff          20.86 kB
dist/assets/ibm-plex-sans-jp-10-400-normal-DJrewyrW.woff          20.90 kB
dist/assets/zen-maru-gothic-33-400-normal-DcFvlDQM.woff2          20.92 kB
dist/assets/zen-maru-gothic-47-400-normal-CQQ3XPQe.woff2          20.99 kB
dist/assets/zen-maru-gothic-38-700-normal-DrfUNkFf.woff2          21.04 kB
dist/assets/ibm-plex-sans-jp-6-400-normal-DQz22aVW.woff           21.07 kB
dist/assets/zen-maru-gothic-33-700-normal-DKjCABI1.woff2          21.18 kB
dist/assets/zen-maru-gothic-49-700-normal-BvPsSmlk.woff2          21.18 kB
dist/assets/ibm-plex-sans-jp-25-600-normal-B2RU3Dvp.woff          21.23 kB
dist/assets/ibm-plex-sans-jp-119-600-normal-55p1b1wa.woff         21.23 kB
dist/assets/zen-maru-gothic-29-400-normal-T_h0pSaD.woff2          21.26 kB
dist/assets/ibm-plex-sans-jp-15-400-normal-DhL4usAp.woff          21.30 kB
dist/assets/zen-maru-gothic-27-700-normal-BmfqpMku.woff2          21.30 kB
dist/assets/ibm-plex-sans-jp-24-400-normal-B3OOo0lL.woff          21.40 kB
dist/assets/zen-maru-gothic-36-400-normal-D05_MuNw.woff2          21.49 kB
dist/assets/zen-maru-gothic-47-700-normal-CQ-F1Nd3.woff2          21.50 kB
dist/assets/zen-maru-gothic-20-400-normal-B3vUIspM.woff2          21.55 kB
dist/assets/ibm-plex-sans-jp-11-400-normal-D4F8GONb.woff          21.55 kB
dist/assets/ibm-plex-sans-jp-10-600-normal-DP69BzJV.woff          21.56 kB
dist/assets/ibm-plex-sans-jp-15-600-normal-CCiDkvZ0.woff          21.64 kB
dist/assets/ibm-plex-sans-jp-8-400-normal-SmEnIkYa.woff           21.66 kB
dist/assets/ibm-plex-sans-jp-6-600-normal-DZtAE4NN.woff           21.72 kB
dist/assets/ibm-plex-sans-jp-34-400-normal-CW90qVjA.woff          21.74 kB
dist/assets/zen-maru-gothic-29-700-normal-CZM1dePY.woff2          21.77 kB
dist/assets/ibm-plex-sans-jp-8-600-normal-G3AQr80e.woff           21.81 kB
dist/assets/ibm-plex-sans-jp-7-400-normal-BlNTLUxk.woff           21.84 kB
dist/assets/zen-maru-gothic-43-400-normal-BEz2lXYJ.woff2          21.84 kB
dist/assets/ibm-plex-sans-jp-39-400-normal-Dk7rkHeG.woff          21.92 kB
dist/assets/ibm-plex-sans-jp-34-600-normal-BBai0ku9.woff          21.95 kB
dist/assets/zen-maru-gothic-26-400-normal-BFOKFhrV.woff2          21.98 kB
dist/assets/zen-maru-gothic-43-700-normal-BCWBqJPr.woff2          21.98 kB
dist/assets/ibm-plex-sans-jp-31-400-normal-DQ8k7O-z.woff          22.04 kB
dist/assets/ibm-plex-sans-jp-7-600-normal-u7RE7Vcl.woff           22.18 kB
dist/assets/zen-maru-gothic-46-400-normal-BoNv4Vaz.woff           22.18 kB
dist/assets/ibm-plex-sans-jp-24-600-normal-A46asPGd.woff          22.22 kB
dist/assets/ibm-plex-sans-jp-39-600-normal-CGMVkPUQ.woff          22.24 kB
dist/assets/ibm-plex-sans-jp-31-600-normal-ChsH3Xz1.woff          22.27 kB
dist/assets/zen-maru-gothic-20-700-normal-BqOkhsD7.woff2          22.30 kB
dist/assets/zen-maru-gothic-36-700-normal-BPwOVBvm.woff2          22.32 kB
dist/assets/zen-maru-gothic-46-700-normal-B_8uXDkh.woff           22.33 kB
dist/assets/zen-maru-gothic-26-700-normal-Ba4iC2VX.woff2          22.43 kB
dist/assets/zen-maru-gothic-48-400-normal-DdVDGVcs.woff2          22.68 kB
dist/assets/ibm-plex-sans-jp-11-600-normal-U3d7dgox.woff          22.70 kB
dist/assets/ibm-plex-sans-jp-55-600-normal-Dp8k-UQr.woff          22.81 kB
dist/assets/ibm-plex-sans-jp-55-400-normal-CXMVQbir.woff          22.91 kB
dist/assets/zen-maru-gothic-45-400-normal-B3bAbABS.woff           23.00 kB
dist/assets/zen-maru-gothic-42-400-normal-Cf0C-qAb.woff2          23.01 kB
dist/assets/ibm-plex-sans-jp-23-400-normal-Bdkhc9Iw.woff2         23.16 kB
dist/assets/zen-maru-gothic-48-700-normal-B9BUUKj7.woff2          23.21 kB
dist/assets/zen-maru-gothic-45-700-normal-CoL5kuG1.woff           23.29 kB
dist/assets/zen-maru-gothic-119-400-normal-MePw8WEs.woff          23.32 kB
dist/assets/zen-maru-gothic-44-400-normal-C8f5Kajh.woff2          23.38 kB
dist/assets/zen-maru-gothic-13-400-normal-Dh-hcfSr.woff2          23.42 kB
dist/assets/zen-maru-gothic-42-700-normal-BPS8Y7vd.woff2          23.61 kB
dist/assets/zen-maru-gothic-5-400-normal-dmIZJC44.woff2           23.74 kB
dist/assets/zen-maru-gothic-40-400-normal-Dmsnf1g0.woff2          23.79 kB
dist/assets/zen-maru-gothic-13-700-normal-zxrNha6y.woff2          23.94 kB
dist/assets/zen-maru-gothic-44-700-normal-Dj3dNTOm.woff2          23.97 kB
dist/assets/zen-maru-gothic-5-700-normal-Ekitex3l.woff2           24.19 kB
dist/assets/zen-maru-gothic-119-700-normal-DLf2ttDK.woff          24.19 kB
dist/assets/ibm-plex-sans-jp-23-600-normal-O2srJ8a2.woff2         24.22 kB
dist/assets/zen-maru-gothic-38-400-normal-CTEEPESZ.woff           24.32 kB
dist/assets/zen-maru-gothic-12-400-normal-DAuEC3fn.woff2          24.35 kB
dist/assets/zen-maru-gothic-22-400-normal-1Yv63t5B.woff2          24.35 kB
dist/assets/ibm-plex-sans-jp-latin-400-normal-CDdMl-oX.woff2      24.42 kB
dist/assets/zen-maru-gothic-40-700-normal-DLCQ_Wla.woff2          24.55 kB
dist/assets/zen-maru-gothic-38-700-normal-Dk2Q5Md8.woff           24.69 kB
dist/assets/zen-maru-gothic-16-400-normal-D3R9fETJ.woff2          24.75 kB
dist/assets/zen-maru-gothic-49-400-normal-Dyf-yuSS.woff           24.82 kB
dist/assets/zen-maru-gothic-27-400-normal-BFmTsXFg.woff           24.84 kB
dist/assets/zen-maru-gothic-18-400-normal-6jTpK34a.woff2          24.92 kB
dist/assets/zen-maru-gothic-33-400-normal-BTR4Car9.woff           25.03 kB
dist/assets/zen-maru-gothic-22-700-normal-BTgV4wnU.woff2          25.06 kB
dist/assets/ibm-plex-sans-jp-latin-400-normal-D5LEXcjN.woff       25.07 kB
dist/assets/zen-maru-gothic-18-700-normal-BUCez-oo.woff2          25.15 kB
dist/assets/zen-maru-gothic-27-700-normal-BbqlyQh-.woff           25.15 kB
dist/assets/zen-maru-gothic-16-700-normal-BmeD4ZPw.woff2          25.20 kB
dist/assets/zen-maru-gothic-47-400-normal-CaGfUCsi.woff           25.21 kB
dist/assets/zen-maru-gothic-49-700-normal-DdSxIn_d.woff           25.21 kB
dist/assets/zen-maru-gothic-33-700-normal-CxYDW3bY.woff           25.29 kB
dist/assets/zen-maru-gothic-47-700-normal-CmZLn-Mf.woff           25.34 kB
dist/assets/zen-maru-gothic-29-400-normal-DsucOCS8.woff           25.36 kB
dist/assets/zen-maru-gothic-29-700-normal-B93N8Y6q.woff           25.62 kB
dist/assets/zen-maru-gothic-37-400-normal-BLyNvf1B.woff2          25.68 kB
dist/assets/zen-maru-gothic-12-700-normal-BZU4uriD.woff2          25.76 kB
dist/assets/zen-maru-gothic-20-400-normal-d_ld2a0K.woff           25.82 kB
dist/assets/zen-maru-gothic-43-700-normal-B1CrLMDZ.woff           25.83 kB
dist/assets/ibm-plex-sans-jp-latin-600-normal-DmCaZeJ-.woff2      25.84 kB
dist/assets/zen-maru-gothic-36-400-normal-ZSl4257v.woff           25.92 kB
dist/assets/zen-maru-gothic-43-400-normal-EVFIER8U.woff           25.93 kB
dist/assets/zen-maru-gothic-35-400-normal-CijWTuBd.woff2          26.00 kB
dist/assets/zen-maru-gothic-14-400-normal-mYXPWEqu.woff2          26.03 kB
dist/assets/zen-maru-gothic-37-700-normal-C8DyC5EY.woff2          26.06 kB
dist/assets/ibm-plex-sans-jp-latin-600-normal-Ds_Fb90o.woff       26.23 kB
dist/assets/zen-maru-gothic-9-400-normal-DyDupvGK.woff2           26.25 kB
dist/assets/zen-maru-gothic-21-400-normal-Qqh_Ld6e.woff2          26.25 kB
dist/assets/ibm-plex-sans-jp-23-400-normal-BtixcB0-.woff          26.30 kB
dist/assets/zen-maru-gothic-26-400-normal-47-b17ik.woff           26.33 kB
dist/assets/zen-maru-gothic-28-400-normal-C26Ed1Lj.woff2          26.34 kB
dist/assets/zen-maru-gothic-14-700-normal-BneEm2AJ.woff2          26.37 kB
dist/assets/zen-maru-gothic-36-700-normal-DOXnAvOT.woff           26.41 kB
dist/assets/zen-maru-gothic-26-700-normal-t1yXXdNU.woff           26.51 kB
dist/assets/zen-maru-gothic-21-700-normal-D2Xx-7lr.woff2          26.59 kB
dist/assets/zen-maru-gothic-20-700-normal-KS3-6OII.woff           26.60 kB
dist/assets/zen-maru-gothic-9-700-normal-BcD_ihjk.woff2           26.71 kB
dist/assets/zen-maru-gothic-32-400-normal-BTr1NGR9.woff2          26.81 kB
dist/assets/zen-maru-gothic-28-700-normal-DjgFjMVf.woff2          26.86 kB
dist/assets/zen-maru-gothic-35-700-normal-DR2Q1bv6.woff2          27.06 kB
dist/assets/ibm-plex-sans-jp-23-600-normal-Dq8e8WbN.woff          27.07 kB
dist/assets/zen-maru-gothic-19-400-normal-mcHMYQhG.woff2          27.13 kB
dist/assets/zen-maru-gothic-30-400-normal-VVZ2K7wJ.woff2          27.21 kB
dist/assets/zen-maru-gothic-17-400-normal-DvoWo9j3.woff2          27.23 kB
dist/assets/zen-maru-gothic-48-400-normal-Dc2_iDpV.woff           27.32 kB
dist/assets/zen-maru-gothic-32-700-normal-CQDME960.woff2          27.54 kB
dist/assets/zen-maru-gothic-48-700-normal-aOBALeVt.woff           27.60 kB
dist/assets/zen-maru-gothic-41-400-normal-WiOBYBX7.woff2          27.68 kB
dist/assets/zen-maru-gothic-42-400-normal-Bl6DxED1.woff           27.72 kB
dist/assets/zen-maru-gothic-25-400-normal-CJ-I435M.woff2          27.78 kB
dist/assets/zen-maru-gothic-13-400-normal-BKhK_wTQ.woff           27.83 kB
dist/assets/zen-maru-gothic-42-700-normal-CqEtw1j_.woff           27.88 kB
dist/assets/zen-maru-gothic-17-700-normal-CstmnUKy.woff2          27.91 kB
dist/assets/zen-maru-gothic-13-700-normal-pLwO5e0F.woff           27.91 kB
dist/assets/zen-maru-gothic-30-700-normal-CAHjvN_X.woff2          27.96 kB
dist/assets/zen-maru-gothic-6-400-normal-CnV_10XA.woff2           28.00 kB
dist/assets/zen-maru-gothic-19-700-normal-CQvd3bLj.woff2          28.04 kB
dist/assets/zen-maru-gothic-5-400-normal-CtYYccu3.woff            28.17 kB
dist/assets/zen-maru-gothic-41-700-normal-BKYhHMKQ.woff2          28.30 kB
dist/assets/zen-maru-gothic-44-400-normal-BY5r5_5h.woff           28.30 kB
dist/assets/zen-maru-gothic-5-700-normal-CEsWAG-P.woff            28.34 kB
dist/assets/zen-maru-gothic-44-700-normal-CW9L5Ez3.woff           28.34 kB
dist/assets/zen-maru-gothic-10-400-normal-CF28PtLj.woff2          28.62 kB
dist/assets/zen-maru-gothic-25-700-normal-BqP7lZkc.woff2          28.77 kB
dist/assets/zen-maru-gothic-34-400-normal-wCxtT3U0.woff2          29.07 kB
dist/assets/zen-maru-gothic-8-400-normal-BvzSkzoQ.woff2           29.13 kB
dist/assets/zen-maru-gothic-31-400-normal-e_F0dqWj.woff2          29.22 kB
dist/assets/zen-maru-gothic-16-400-normal-DGcAJQdv.woff           29.24 kB
dist/assets/zen-maru-gothic-16-700-normal-S8D6yo5Z.woff           29.26 kB
dist/assets/zen-maru-gothic-40-400-normal-CkNUNWvz.woff           29.27 kB
dist/assets/zen-maru-gothic-22-400-normal-CR-1JrRG.woff           29.31 kB
dist/assets/zen-maru-gothic-24-400-normal-BWnLJHwH.woff2          29.34 kB
dist/assets/zen-maru-gothic-12-400-normal-BN-5a0O1.woff           29.38 kB
dist/assets/zen-maru-gothic-18-700-normal-CGcbiTnT.woff           29.44 kB
dist/assets/zen-maru-gothic-15-400-normal-BSrSl0Jq.woff2          29.54 kB
dist/assets/zen-maru-gothic-40-700-normal-IWHFvpLS.woff           29.54 kB
dist/assets/zen-maru-gothic-22-700-normal-Bh8BHzWk.woff           29.56 kB
dist/assets/zen-maru-gothic-11-400-normal-BJJLM63J.woff2          29.61 kB
dist/assets/zen-maru-gothic-18-400-normal-BVMLTvVW.woff           29.62 kB
dist/assets/zen-maru-gothic-6-700-normal-CH1bh19s.woff2           29.77 kB
dist/assets/zen-maru-gothic-15-700-normal-CqP6Gy9e.woff2          29.80 kB
dist/assets/zen-maru-gothic-8-700-normal-BnV95Ktk.woff2           29.87 kB
dist/assets/zen-maru-gothic-10-700-normal-LGlU6wDz.woff2          30.02 kB
dist/assets/zen-maru-gothic-39-400-normal-kMclTJ5h.woff2          30.03 kB
dist/assets/zen-maru-gothic-34-700-normal-CbZWHf5R.woff2          30.20 kB
dist/assets/zen-maru-gothic-31-700-normal-BPjWwBYM.woff2          30.36 kB
dist/assets/zen-maru-gothic-12-700-normal-DpDmKZHP.woff           30.52 kB
dist/assets/zen-maru-gothic-37-700-normal-C9lXeWXJ.woff           30.64 kB
dist/assets/zen-maru-gothic-37-400-normal-CpUhFjkk.woff           30.67 kB
dist/assets/zen-maru-gothic-11-700-normal-BCUVf0t4.woff2          30.68 kB
dist/assets/zen-maru-gothic-24-700-normal-DRlmoZ0D.woff2          30.72 kB
dist/assets/zen-maru-gothic-39-700-normal-CsDTXspN.woff2          30.73 kB
dist/assets/zen-maru-gothic-14-400-normal-DamfimbZ.woff           30.82 kB
dist/assets/zen-maru-gothic-14-700-normal-5VYJ75Dz.woff           30.89 kB
dist/assets/zen-maru-gothic-35-400-normal-VcE21KNA.woff           31.19 kB
dist/assets/zen-maru-gothic-21-700-normal-CInqBa_8.woff           31.28 kB
dist/assets/zen-maru-gothic-9-400-normal-qMFnVKQR.woff            31.31 kB
dist/assets/zen-maru-gothic-9-700-normal-CeF8Hejl.woff            31.33 kB
dist/assets/zen-maru-gothic-7-400-normal-BFqmpplX.woff2           31.33 kB
dist/assets/zen-maru-gothic-21-400-normal-9ByT4zya.woff           31.42 kB
dist/assets/zen-maru-gothic-28-400-normal-Dx8ipOYz.woff           31.68 kB
dist/assets/zen-maru-gothic-28-700-normal-DGxCXVJa.woff           31.72 kB
dist/assets/zen-maru-gothic-35-700-normal-BpxhVije.woff           32.08 kB
dist/assets/zen-maru-gothic-7-700-normal-B_WWIgdt.woff2           32.38 kB
dist/assets/zen-maru-gothic-32-400-normal-CD52wITt.woff           32.40 kB
dist/assets/zen-maru-gothic-17-400-normal-Ba2POQ4G.woff           32.79 kB
dist/assets/zen-maru-gothic-19-400-normal-Dyj0Ua5X.woff           32.82 kB
dist/assets/zen-maru-gothic-30-400-normal-7Jpkp2D3.woff           32.92 kB
dist/assets/zen-maru-gothic-17-700-normal-CQeZ6yvp.woff           32.96 kB
dist/assets/zen-maru-gothic-30-700-normal-3YAWAOa1.woff           33.00 kB
dist/assets/zen-maru-gothic-41-400-normal-CcUB7p-9.woff           33.02 kB
dist/assets/zen-maru-gothic-41-700-normal-Dvw8fqtD.woff           33.06 kB
dist/assets/zen-maru-gothic-19-700-normal-BwgF5gej.woff           33.17 kB
dist/assets/zen-maru-gothic-32-700-normal-H7rE8mM-.woff           33.22 kB
dist/assets/zen-maru-gothic-25-400-normal-DdEjYPmu.woff           33.38 kB
dist/assets/zen-maru-gothic-6-400-normal-DOyW9FmE.woff            33.89 kB
dist/assets/zen-maru-gothic-25-700-normal-Du6wm-L6.woff           34.30 kB
dist/assets/zen-maru-gothic-10-400-normal-CmNNVX-G.woff           34.36 kB
dist/assets/zen-maru-gothic-8-400-normal-C-r-dxFz.woff            34.56 kB
dist/assets/zen-maru-gothic-8-700-normal-BV6_VK2D.woff            34.94 kB
dist/assets/zen-maru-gothic-15-700-normal-g0IcXkBl.woff           34.94 kB
dist/assets/zen-maru-gothic-34-400-normal-ItCuX6pl.woff           35.04 kB
dist/assets/zen-maru-gothic-10-700-normal-a_G_8oB7.woff           35.15 kB
dist/assets/zen-maru-gothic-6-700-normal-Cl5BOAv6.woff            35.19 kB
dist/assets/zen-maru-gothic-31-400-normal-BSIYUEX7.woff           35.23 kB
dist/assets/zen-maru-gothic-15-400-normal-BAk6HPEm.woff           35.31 kB
dist/assets/zen-maru-gothic-24-400-normal-Dmj-NqfT.woff           35.49 kB
dist/assets/zen-maru-gothic-11-400-normal-DMDB0rCu.woff           35.52 kB
dist/assets/zen-maru-gothic-34-700-normal-AKGZYofI.woff           35.54 kB
dist/assets/zen-maru-gothic-31-700-normal-BQ5XJD2e.woff           35.87 kB
dist/assets/zen-maru-gothic-11-700-normal-DEiVkuo0.woff           36.07 kB
dist/assets/zen-maru-gothic-23-400-normal-CfVTl3_G.woff2          36.13 kB
dist/assets/zen-maru-gothic-39-400-normal-DngNLuqM.woff           36.34 kB
dist/assets/zen-maru-gothic-39-700-normal-Bt96p39J.woff           36.37 kB
dist/assets/zen-maru-gothic-24-700-normal-DRETfrP4.woff           36.61 kB
dist/assets/zen-maru-gothic-7-400-normal-BBS_c28a.woff            37.54 kB
dist/assets/zen-maru-gothic-7-700-normal-D8Lkq8m4.woff            38.18 kB
dist/assets/zen-maru-gothic-23-700-normal-BMvSM780.woff2          38.61 kB
dist/assets/zen-maru-gothic-23-400-normal-BMftE2c3.woff           43.68 kB
dist/assets/zen-maru-gothic-23-700-normal-m9wDgUGc.woff           45.48 kB
dist/assets/moeFont-Dde7yEdj.css                                   0.18 kB │ gzip:   0.15 kB
dist/assets/cuteFont-SeYt5zxk.css                                281.07 kB │ gzip: 126.62 kB
dist/assets/index-D9Qm__gn.css                                   419.20 kB │ gzip: 182.81 kB
dist/assets/moeFont-9896geef.js                                    0.03 kB │ gzip:   0.04 kB
dist/assets/index-B4l77AIA.js                                    583.70 kB │ gzip: 187.22 kB

(!) Some chunks are larger than 500 kB after minification. Consider:
- Using dynamic import() to code-split the application
- Use build.rollupOptions.output.manualChunks to improve chunking: https://rollupjs.org/configuration-options/#output-manualchunks
- Adjust chunk size limit for this warning via build.chunkSizeWarningLimit.
✓ built in 2.64s
npm notice
npm notice New major version of npm available! 11.9.0 -> 12.2.0
npm notice Changelog: https://github.com/npm/cli/releases/tag/v12.2.0
npm notice To update run: npm install -g npm@12.2.0
npm notice
